2025-12-15 15:18:28,082 INFO o.a.j.u.JMeterUtils: Setting Locale to en_EN
2025-12-15 15:18:28,093 INFO o.a.j.JMeter: Loading user properties from: /opt/homebrew/Cellar/jmeter/5.6.3/libexec/bin/user.properties
2025-12-15 15:18:28,094 INFO o.a.j.JMeter: Loading system properties from: /opt/homebrew/Cellar/jmeter/5.6.3/libexec/bin/system.properties
2025-12-15 15:18:28,096 INFO o.a.j.JMeter: Copyright (c) 1998-2024 The Apache Software Foundation
2025-12-15 15:18:28,096 INFO o.a.j.JMeter: Version 5.6.3
2025-12-15 15:18:28,096 INFO o.a.j.JMeter: java.version=21.0.8
2025-12-15 15:18:28,096 INFO o.a.j.JMeter: java.vm.name=OpenJDK 64-Bit Server VM
2025-12-15 15:18:28,096 INFO o.a.j.JMeter: os.name=Mac OS X
2025-12-15 15:18:28,096 INFO o.a.j.JMeter: os.arch=aarch64
2025-12-15 15:18:28,096 INFO o.a.j.JMeter: os.version=26.1
2025-12-15 15:18:28,096 INFO o.a.j.JMeter: file.encoding=UTF-8
2025-12-15 15:18:28,096 INFO o.a.j.JMeter: java.awt.headless=null
2025-12-15 15:18:28,096 INFO o.a.j.JMeter: Max memory     =1073741824
2025-12-15 15:18:28,096 INFO o.a.j.JMeter: Available Processors =12
2025-12-15 15:18:28,100 INFO o.a.j.JMeter: Default Locale=English (EN)
2025-12-15 15:18:28,101 INFO o.a.j.JMeter: JMeter  Locale=English (EN)
2025-12-15 15:18:28,101 INFO o.a.j.JMeter: JMeterHome=/opt/homebrew/Cellar/jmeter/5.6.3/libexec
2025-12-15 15:18:28,101 INFO o.a.j.JMeter: user.dir  =/Users/nasuarez/Documents/BANCOLOMBIA-main/BackUp_Sophos/Carpeta de Trabajo
2025-12-15 15:18:28,101 INFO o.a.j.JMeter: PWD       =/Users/nasuarez/Documents/BANCOLOMBIA-main/BackUp_Sophos/Carpeta de Trabajo
2025-12-15 15:18:28,107 INFO o.a.j.JMeter: IP: 192.168.40.18 Name: MB0K724QW62CV FullName: 192.168.40.18
2025-12-15 15:18:28,112 INFO o.a.j.JMeter: Loaded icon properties from org/apache/jmeter/images/icon.properties
2025-12-15 15:18:28,304 INFO o.a.j.JMeterGuiLauncher: Setting LAF to: com.github.weisj.darklaf.DarkLaf:com.github.weisj.darklaf.theme.DarculaTheme
2025-12-15 15:18:29,051 INFO o.a.j.r.ClassFinder: Will scan jar /opt/homebrew/Cellar/jmeter/5.6.3/libexec/lib/ext/jmeter-plugins-manager-1.9.jar with filter ExtendsClassFilter [parents=[interface org.apache.jmeter.gui.action.Command], inner=false, contains=null, notContains=null]. Consider exposing JMeter plugins via META-INF/services, and add JMeter-Skip-Class-Scanning=true manifest attribute so JMeter can skip classfile scanning
2025-12-15 15:18:29,080 INFO o.a.j.r.ClassFinder: Will scan jar /opt/homebrew/Cellar/jmeter/5.6.3/libexec/lib/ext/jmeter-plugins-manager-1.10.jar with filter ExtendsClassFilter [parents=[interface org.apache.jmeter.gui.action.Command], inner=false, contains=null, notContains=null]. Consider exposing JMeter plugins via META-INF/services, and add JMeter-Skip-Class-Scanning=true manifest attribute so JMeter can skip classfile scanning
2025-12-15 15:18:29,081 INFO o.a.j.r.ClassFinder: Will scan jar /opt/homebrew/Cellar/jmeter/5.6.3/libexec/lib/ext/jmeter-plugins-casutg-3.1.1.jar with filter ExtendsClassFilter [parents=[interface org.apache.jmeter.gui.action.Command], inner=false, contains=null, notContains=null]. Consider exposing JMeter plugins via META-INF/services, and add JMeter-Skip-Class-Scanning=true manifest attribute so JMeter can skip classfile scanning
2025-12-15 15:18:29,087 INFO o.a.j.r.ClassFinder: Will scan jar /opt/homebrew/Cellar/jmeter/5.6.3/libexec/lib/ext/jmeter-amqp-plugin-0.3.0.jar with filter ExtendsClassFilter [parents=[interface org.apache.jmeter.gui.action.Command], inner=false, contains=null, notContains=null]. Consider exposing JMeter plugins via META-INF/services, and add JMeter-Skip-Class-Scanning=true manifest attribute so JMeter can skip classfile scanning
2025-12-15 15:18:29,132 INFO o.a.j.r.ClassFinder: Will scan jar /opt/homebrew/Cellar/jmeter/5.6.3/libexec/lib/ext/jmeter-plugins-manager-1.9.jar with filter ExtendsClassFilter [parents=[interface org.apache.jmeter.gui.plugin.MenuCreator], inner=false, contains=null, notContains=null]. Consider exposing JMeter plugins via META-INF/services, and add JMeter-Skip-Class-Scanning=true manifest attribute so JMeter can skip classfile scanning
2025-12-15 15:18:29,133 INFO o.a.j.r.ClassFinder: Will scan jar /opt/homebrew/Cellar/jmeter/5.6.3/libexec/lib/ext/jmeter-plugins-manager-1.10.jar with filter ExtendsClassFilter [parents=[interface org.apache.jmeter.gui.plugin.MenuCreator], inner=false, contains=null, notContains=null]. Consider exposing JMeter plugins via META-INF/services, and add JMeter-Skip-Class-Scanning=true manifest attribute so JMeter can skip classfile scanning
2025-12-15 15:18:29,134 INFO o.a.j.r.ClassFinder: Will scan jar /opt/homebrew/Cellar/jmeter/5.6.3/libexec/lib/ext/jmeter-plugins-casutg-3.1.1.jar with filter ExtendsClassFilter [parents=[interface org.apache.jmeter.gui.plugin.MenuCreator], inner=false, contains=null, notContains=null]. Consider exposing JMeter plugins via META-INF/services, and add JMeter-Skip-Class-Scanning=true manifest attribute so JMeter can skip classfile scanning
2025-12-15 15:18:29,135 INFO o.a.j.r.ClassFinder: Will scan jar /opt/homebrew/Cellar/jmeter/5.6.3/libexec/lib/ext/jmeter-amqp-plugin-0.3.0.jar with filter ExtendsClassFilter [parents=[interface org.apache.jmeter.gui.plugin.MenuCreator], inner=false, contains=null, notContains=null]. Consider exposing JMeter plugins via META-INF/services, and add JMeter-Skip-Class-Scanning=true manifest attribute so JMeter can skip classfile scanning
2025-12-15 15:18:29,165 WARN o.j.r.PluginManager: Found JAR conflict: /opt/homebrew/Cellar/jmeter/5.6.3/libexec/lib/ext/jmeter-amqp-plugin-0.3.0.jar and /opt/homebrew/Cellar/jmeter/5.6.3/libexec/lib/jmeter-amqp-plugin-0.3.0.jar
2025-12-15 15:18:29,166 WARN o.j.r.PluginManager: Found JAR conflict: /opt/homebrew/Cellar/jmeter/5.6.3/libexec/lib/ext/jmeter-plugins-manager-1.10.jar and /opt/homebrew/Cellar/jmeter/5.6.3/libexec/lib/jmeter-plugins-manager-1.10.jar
2025-12-15 15:18:29,166 WARN o.j.r.PluginManager: Found JAR conflict: /opt/homebrew/Cellar/jmeter/5.6.3/libexec/lib/ext/jmeter-plugins-manager-1.9.jar and /opt/homebrew/Cellar/jmeter/5.6.3/libexec/lib/ext/jmeter-plugins-manager-1.10.jar
2025-12-15 15:18:29,191 INFO o.j.r.JARSourceHTTP: Requesting https://jmeter-plugins.org/repo/?installID=mac_os_x-41ce97242842026e658a168662b20469-gui
2025-12-15 15:18:29,632 WARN o.j.r.PluginManagerMenuItem: Failed to load plugin updates info
javax.net.ssl.SSLHandshakeException: PKIX path building failed: sun.security.provider.certpath.SunCertPathBuilderException: unable to find valid certification path to requested target
	at java.base/sun.security.ssl.Alert.createSSLException(Alert.java:130) ~[?:?]
	at java.base/sun.security.ssl.TransportContext.fatal(TransportContext.java:383) ~[?:?]
	at java.base/sun.security.ssl.TransportContext.fatal(TransportContext.java:326) ~[?:?]
	at java.base/sun.security.ssl.TransportContext.fatal(TransportContext.java:321) ~[?:?]
	at java.base/sun.security.ssl.CertificateMessage$T13CertificateConsumer.checkServerCerts(CertificateMessage.java:1327) ~[?:?]
	at java.base/sun.security.ssl.CertificateMessage$T13CertificateConsumer.onConsumeCertificate(CertificateMessage.java:1204) ~[?:?]
	at java.base/sun.security.ssl.CertificateMessage$T13CertificateConsumer.consume(CertificateMessage.java:1147) ~[?:?]
	at java.base/sun.security.ssl.SSLHandshake.consume(SSLHandshake.java:393) ~[?:?]
	at java.base/sun.security.ssl.HandshakeContext.dispatch(HandshakeContext.java:476) ~[?:?]
	at java.base/sun.security.ssl.HandshakeContext.dispatch(HandshakeContext.java:447) ~[?:?]
	at java.base/sun.security.ssl.TransportContext.dispatch(TransportContext.java:206) ~[?:?]
	at java.base/sun.security.ssl.SSLTransport.decode(SSLTransport.java:172) ~[?:?]
	at java.base/sun.security.ssl.SSLSocketImpl.decode(SSLSocketImpl.java:1506) ~[?:?]
	at java.base/sun.security.ssl.SSLSocketImpl.readHandshakeRecord(SSLSocketImpl.java:1421) ~[?:?]
	at java.base/sun.security.ssl.SSLSocketImpl.startHandshake(SSLSocketImpl.java:455) ~[?:?]
	at java.base/sun.security.ssl.SSLSocketImpl.startHandshake(SSLSocketImpl.java:426) ~[?:?]
	at org.apache.http.conn.ssl.SSLSocketFactory.createLayeredSocket(SSLSocketFactory.java:570) ~[httpclient-4.5.14.jar:4.5.14]
	at org.apache.http.conn.ssl.SSLSocketFactory.connectSocket(SSLSocketFactory.java:554) ~[httpclient-4.5.14.jar:4.5.14]
	at org.apache.http.conn.ssl.SSLSocketFactory.connectSocket(SSLSocketFactory.java:415) ~[httpclient-4.5.14.jar:4.5.14]
	at org.apache.http.impl.conn.DefaultClientConnectionOperator.openConnection(DefaultClientConnectionOperator.java:180) ~[httpclient-4.5.14.jar:4.5.14]
	at org.apache.http.impl.conn.ManagedClientConnectionImpl.open(ManagedClientConnectionImpl.java:326) ~[httpclient-4.5.14.jar:4.5.14]
	at org.apache.http.impl.client.DefaultRequestDirector.tryConnect(DefaultRequestDirector.java:605) ~[httpclient-4.5.14.jar:4.5.14]
	at org.apache.http.impl.client.DefaultRequestDirector.execute(DefaultRequestDirector.java:440) ~[httpclient-4.5.14.jar:4.5.14]
	at org.apache.http.impl.client.AbstractHttpClient.doExecute(AbstractHttpClient.java:835) ~[httpclient-4.5.14.jar:4.5.14]
	at org.apache.http.impl.client.CloseableHttpClient.execute(CloseableHttpClient.java:83) ~[httpclient-4.5.14.jar:4.5.14]
	at org.apache.http.impl.client.CloseableHttpClient.execute(CloseableHttpClient.java:56) ~[httpclient-4.5.14.jar:4.5.14]
	at org.jmeterplugins.repository.JARSourceHTTP.execute(JARSourceHTTP.java:499) ~[jmeter-plugins-manager-1.10.jar:?]
	at org.jmeterplugins.repository.JARSourceHTTP.execute(JARSourceHTTP.java:494) ~[jmeter-plugins-manager-1.10.jar:?]
	at org.jmeterplugins.repository.JARSourceHTTP.getJSON(JARSourceHTTP.java:152) ~[jmeter-plugins-manager-1.10.jar:?]
	at org.jmeterplugins.repository.JARSourceHTTP.getRepositories(JARSourceHTTP.java:276) ~[jmeter-plugins-manager-1.10.jar:?]
	at org.jmeterplugins.repository.JARSourceHTTP.getRepo(JARSourceHTTP.java:304) ~[jmeter-plugins-manager-1.10.jar:?]
	at org.jmeterplugins.repository.PluginManager.load(PluginManager.java:71) ~[jmeter-plugins-manager-1.10.jar:?]
	at org.jmeterplugins.repository.PluginManagerMenuItem$1.run(PluginManagerMenuItem.java:38) [jmeter-plugins-manager-1.10.jar:?]
Caused by: sun.security.validator.ValidatorException: PKIX path building failed: sun.security.provider.certpath.SunCertPathBuilderException: unable to find valid certification path to requested target
	at java.base/sun.security.validator.PKIXValidator.doBuild(PKIXValidator.java:388) ~[?:?]
	at java.base/sun.security.validator.PKIXValidator.engineValidate(PKIXValidator.java:271) ~[?:?]
	at java.base/sun.security.validator.Validator.validate(Validator.java:256) ~[?:?]
	at java.base/sun.security.ssl.X509TrustManagerImpl.checkTrusted(X509TrustManagerImpl.java:230) ~[?:?]
	at java.base/sun.security.ssl.X509TrustManagerImpl.checkServerTrusted(X509TrustManagerImpl.java:132) ~[?:?]
	at java.base/sun.security.ssl.CertificateMessage$T13CertificateConsumer.checkServerCerts(CertificateMessage.java:1311) ~[?:?]
	... 28 more
Caused by: sun.security.provider.certpath.SunCertPathBuilderException: unable to find valid certification path to requested target
	at java.base/sun.security.provider.certpath.SunCertPathBuilder.build(SunCertPathBuilder.java:148) ~[?:?]
	at java.base/sun.security.provider.certpath.SunCertPathBuilder.engineBuild(SunCertPathBuilder.java:129) ~[?:?]
	at java.base/java.security.cert.CertPathBuilder.build(CertPathBuilder.java:297) ~[?:?]
	at java.base/sun.security.validator.PKIXValidator.doBuild(PKIXValidator.java:383) ~[?:?]
	at java.base/sun.security.validator.PKIXValidator.engineValidate(PKIXValidator.java:271) ~[?:?]
	at java.base/sun.security.validator.Validator.validate(Validator.java:256) ~[?:?]
	at java.base/sun.security.ssl.X509TrustManagerImpl.checkTrusted(X509TrustManagerImpl.java:230) ~[?:?]
	at java.base/sun.security.ssl.X509TrustManagerImpl.checkServerTrusted(X509TrustManagerImpl.java:132) ~[?:?]
	at java.base/sun.security.ssl.CertificateMessage$T13CertificateConsumer.checkServerCerts(CertificateMessage.java:1311) ~[?:?]
	... 28 more
2025-12-15 15:18:34,254 INFO o.a.j.s.FileServer: Default base='/Users/nasuarez/Documents/BANCOLOMBIA-main/BackUp_Sophos/Carpeta de Trabajo'
2025-12-15 15:18:34,256 INFO o.a.j.g.a.Load: Loading file: /Users/nasuarez/Documents/Repositorios/NU0151001_Topes_MR/ms_top_log/deployment/performance-test/Test_Plan_Top_Log.jmx
2025-12-15 15:18:34,256 INFO o.a.j.s.FileServer: Set new base='/Users/nasuarez/Documents/Repositorios/NU0151001_Topes_MR/ms_top_log/deployment/performance-test'
2025-12-15 15:18:34,344 INFO o.a.j.s.SaveService: Testplan (JMX) version: 2.2. Testlog (JTL) version: 2.2
2025-12-15 15:18:34,348 INFO o.a.j.s.SaveService: Using SaveService properties version 5.0
2025-12-15 15:18:34,348 INFO o.a.j.s.SaveService: Using SaveService properties file encoding UTF-8
2025-12-15 15:18:34,349 INFO o.a.j.s.SaveService: Loading file: /Users/nasuarez/Documents/Repositorios/NU0151001_Topes_MR/ms_top_log/deployment/performance-test/Test_Plan_Top_Log.jmx
2025-12-15 15:18:34,392 INFO o.a.j.p.h.s.HTTPSamplerBase: Parser for text/html is org.apache.jmeter.protocol.http.parser.LagartoBasedHtmlParser
2025-12-15 15:18:34,392 INFO o.a.j.p.h.s.HTTPSamplerBase: Parser for application/xhtml+xml is org.apache.jmeter.protocol.http.parser.LagartoBasedHtmlParser
2025-12-15 15:18:34,392 INFO o.a.j.p.h.s.HTTPSamplerBase: Parser for application/xml is org.apache.jmeter.protocol.http.parser.LagartoBasedHtmlParser
2025-12-15 15:18:34,392 INFO o.a.j.p.h.s.HTTPSamplerBase: Parser for text/xml is org.apache.jmeter.protocol.http.parser.LagartoBasedHtmlParser
2025-12-15 15:18:34,392 INFO o.a.j.p.h.s.HTTPSamplerBase: Parser for text/vnd.wap.wml is org.apache.jmeter.protocol.http.parser.RegexpHTMLParser
2025-12-15 15:18:34,392 INFO o.a.j.p.h.s.HTTPSamplerBase: Parser for text/css is org.apache.jmeter.protocol.http.parser.CssParser
2025-12-15 15:18:34,479 INFO o.a.j.e.u.CompoundVariable: Note: Function class names must contain the string: '.functions.'
2025-12-15 15:18:34,479 INFO o.a.j.e.u.CompoundVariable: Note: Function class names must not contain the string: '.gui.'
2025-12-15 15:18:34,499 INFO o.a.j.r.ClassFinder: Will scan jar /opt/homebrew/Cellar/jmeter/5.6.3/libexec/lib/ext/jmeter-plugins-manager-1.9.jar with filter ExtendsClassFilter [parents=[interface org.apache.jmeter.functions.Function], inner=false, contains=null, notContains=null]. Consider exposing JMeter plugins via META-INF/services, and add JMeter-Skip-Class-Scanning=true manifest attribute so JMeter can skip classfile scanning
2025-12-15 15:18:34,500 INFO o.a.j.r.ClassFinder: Will scan jar /opt/homebrew/Cellar/jmeter/5.6.3/libexec/lib/ext/jmeter-plugins-manager-1.10.jar with filter ExtendsClassFilter [parents=[interface org.apache.jmeter.functions.Function], inner=false, contains=null, notContains=null]. Consider exposing JMeter plugins via META-INF/services, and add JMeter-Skip-Class-Scanning=true manifest attribute so JMeter can skip classfile scanning
2025-12-15 15:18:34,501 INFO o.a.j.r.ClassFinder: Will scan jar /opt/homebrew/Cellar/jmeter/5.6.3/libexec/lib/ext/jmeter-plugins-casutg-3.1.1.jar with filter ExtendsClassFilter [parents=[interface org.apache.jmeter.functions.Function], inner=false, contains=null, notContains=null]. Consider exposing JMeter plugins via META-INF/services, and add JMeter-Skip-Class-Scanning=true manifest attribute so JMeter can skip classfile scanning
2025-12-15 15:18:34,501 INFO o.a.j.r.ClassFinder: Will scan jar /opt/homebrew/Cellar/jmeter/5.6.3/libexec/lib/ext/jmeter-amqp-plugin-0.3.0.jar with filter ExtendsClassFilter [parents=[interface org.apache.jmeter.functions.Function], inner=false, contains=null, notContains=null]. Consider exposing JMeter plugins via META-INF/services, and add JMeter-Skip-Class-Scanning=true manifest attribute so JMeter can skip classfile scanning
2025-12-15 15:18:34,526 INFO o.a.j.s.SampleResult: Note: Sample TimeStamps are START times
2025-12-15 15:18:34,526 INFO o.a.j.s.SampleResult: sampleresult.default.encoding is set to UTF-8
2025-12-15 15:18:34,526 INFO o.a.j.s.SampleResult: sampleresult.useNanoTime=true
2025-12-15 15:18:34,526 INFO o.a.j.s.SampleResult: sampleresult.nanoThreadSleep=5000
2025-12-15 15:18:34,578 INFO o.a.j.r.ClassFinder: Will scan jar /opt/homebrew/Cellar/jmeter/5.6.3/libexec/lib/ext/jmeter-plugins-manager-1.9.jar with filter ExtendsClassFilter [parents=[interface org.apache.jmeter.visualizers.ResultRenderer], inner=false, contains=null, notContains=null]. Consider exposing JMeter plugins via META-INF/services, and add JMeter-Skip-Class-Scanning=true manifest attribute so JMeter can skip classfile scanning
2025-12-15 15:18:34,579 INFO o.a.j.r.ClassFinder: Will scan jar /opt/homebrew/Cellar/jmeter/5.6.3/libexec/lib/ext/jmeter-plugins-manager-1.10.jar with filter ExtendsClassFilter [parents=[interface org.apache.jmeter.visualizers.ResultRenderer], inner=false, contains=null, notContains=null]. Consider exposing JMeter plugins via META-INF/services, and add JMeter-Skip-Class-Scanning=true manifest attribute so JMeter can skip classfile scanning
2025-12-15 15:18:34,580 INFO o.a.j.r.ClassFinder: Will scan jar /opt/homebrew/Cellar/jmeter/5.6.3/libexec/lib/ext/jmeter-plugins-casutg-3.1.1.jar with filter ExtendsClassFilter [parents=[interface org.apache.jmeter.visualizers.ResultRenderer], inner=false, contains=null, notContains=null]. Consider exposing JMeter plugins via META-INF/services, and add JMeter-Skip-Class-Scanning=true manifest attribute so JMeter can skip classfile scanning
2025-12-15 15:18:34,580 INFO o.a.j.r.ClassFinder: Will scan jar /opt/homebrew/Cellar/jmeter/5.6.3/libexec/lib/ext/jmeter-amqp-plugin-0.3.0.jar with filter ExtendsClassFilter [parents=[interface org.apache.jmeter.visualizers.ResultRenderer], inner=false, contains=null, notContains=null]. Consider exposing JMeter plugins via META-INF/services, and add JMeter-Skip-Class-Scanning=true manifest attribute so JMeter can skip classfile scanning
2025-12-15 15:18:34,587 INFO o.a.j.r.ClassFinder: Will scan jar /opt/homebrew/Cellar/jmeter/5.6.3/libexec/lib/ext/jmeter-plugins-manager-1.9.jar with filter ExtendsClassFilter [parents=[interface org.apache.jmeter.visualizers.RequestView], inner=false, contains=null, notContains=null]. Consider exposing JMeter plugins via META-INF/services, and add JMeter-Skip-Class-Scanning=true manifest attribute so JMeter can skip classfile scanning
2025-12-15 15:18:34,588 INFO o.a.j.r.ClassFinder: Will scan jar /opt/homebrew/Cellar/jmeter/5.6.3/libexec/lib/ext/jmeter-plugins-manager-1.10.jar with filter ExtendsClassFilter [parents=[interface org.apache.jmeter.visualizers.RequestView], inner=false, contains=null, notContains=null]. Consider exposing JMeter plugins via META-INF/services, and add JMeter-Skip-Class-Scanning=true manifest attribute so JMeter can skip classfile scanning
2025-12-15 15:18:34,589 INFO o.a.j.r.ClassFinder: Will scan jar /opt/homebrew/Cellar/jmeter/5.6.3/libexec/lib/ext/jmeter-plugins-casutg-3.1.1.jar with filter ExtendsClassFilter [parents=[interface org.apache.jmeter.visualizers.RequestView], inner=false, contains=null, notContains=null]. Consider exposing JMeter plugins via META-INF/services, and add JMeter-Skip-Class-Scanning=true manifest attribute so JMeter can skip classfile scanning
2025-12-15 15:18:34,589 INFO o.a.j.r.ClassFinder: Will scan jar /opt/homebrew/Cellar/jmeter/5.6.3/libexec/lib/ext/jmeter-amqp-plugin-0.3.0.jar with filter ExtendsClassFilter [parents=[interface org.apache.jmeter.visualizers.RequestView], inner=false, contains=null, notContains=null]. Consider exposing JMeter plugins via META-INF/services, and add JMeter-Skip-Class-Scanning=true manifest attribute so JMeter can skip classfile scanning
2025-12-15 15:18:34,609 INFO o.a.j.s.FileServer: Set new base='/Users/nasuarez/Documents/Repositorios/NU0151001_Topes_MR/ms_top_log/deployment/performance-test'
2025-12-15 16:05:16,788 INFO o.a.j.e.StandardJMeterEngine: Running the test!
2025-12-15 16:05:16,789 INFO o.a.j.s.SampleEvent: List of sample_variables: []
2025-12-15 16:05:16,789 INFO o.a.j.s.SampleEvent: List of sample_variables: []
2025-12-15 16:05:16,792 INFO o.a.j.g.u.JMeterMenuBar: setRunning(true, *local*)
2025-12-15 16:05:16,838 INFO o.a.j.e.StandardJMeterEngine: Starting ThreadGroup: 1 : Tx_Save_Log
2025-12-15 16:05:16,839 INFO o.a.j.e.StandardJMeterEngine: Starting 0 threads for group Tx_Save_Log.
2025-12-15 16:05:16,839 INFO o.a.j.e.StandardJMeterEngine: Thread will continue on error
2025-12-15 16:05:16,842 INFO o.a.j.t.JMeterThread: Thread started: Tx_Save_Log-ThreadStarter 1-1
2025-12-15 16:05:16,843 INFO c.b.j.t.a.ArrivalsThreadGroup: Got first arrival
2025-12-15 16:05:16,843 INFO o.a.j.e.StandardJMeterEngine: All thread groups have been started
2025-12-15 16:05:20,646 INFO o.a.j.g.a.Start: Shutting test down
2025-12-15 16:05:20,664 INFO o.a.j.t.JMeterThread: Thread is done: Tx_Save_Log-ThreadStarter 1-1
2025-12-15 16:05:20,664 INFO o.a.j.t.JMeterThread: Thread finished: Tx_Save_Log-ThreadStarter 1-1
2025-12-15 16:05:20,664 INFO o.a.j.e.StandardJMeterEngine: Notifying test listeners of end of test
2025-12-15 16:05:20,664 INFO c.b.j.t.a.ArrivalsThreadGroup: Done 108 arrivals, 107 completions, 0 abandonments
2025-12-15 16:05:20,664 INFO o.a.j.g.u.JMeterMenuBar: setRunning(false, *local*)
2025-12-15 16:05:49,681 INFO o.a.j.e.StandardJMeterEngine: Running the test!
2025-12-15 16:05:49,682 INFO o.a.j.s.SampleEvent: List of sample_variables: []
2025-12-15 16:05:49,682 INFO o.a.j.g.u.JMeterMenuBar: setRunning(true, *local*)
2025-12-15 16:05:49,712 INFO o.a.j.e.StandardJMeterEngine: Starting ThreadGroup: 1 : Tx_Save_Log
2025-12-15 16:05:49,712 INFO o.a.j.e.StandardJMeterEngine: Starting 0 threads for group Tx_Save_Log.
2025-12-15 16:05:49,713 INFO o.a.j.e.StandardJMeterEngine: Thread will continue on error
2025-12-15 16:05:49,713 INFO o.a.j.t.JMeterThread: Thread started: Tx_Save_Log-ThreadStarter 1-1
2025-12-15 16:05:49,714 INFO c.b.j.t.a.ArrivalsThreadGroup: Got first arrival
2025-12-15 16:05:49,714 INFO o.a.j.e.StandardJMeterEngine: All thread groups have been started
2025-12-15 16:05:49,719 INFO o.a.j.p.h.s.HTTPHCAbstractImpl: Local host = MB0K724QW62CV
2025-12-15 16:05:49,725 INFO o.a.j.p.h.s.HTTPHC4Impl: HTTP request retry count = 0
2025-12-15 16:05:49,755 INFO o.a.j.t.JMeterThread: Thread started: Tx_Save_Log-ThreadStarter 1-2
2025-12-15 16:05:49,790 INFO o.a.j.t.JMeterThread: Thread started: Tx_Save_Log-ThreadStarter 1-3
2025-12-15 16:05:49,826 INFO o.a.j.t.JMeterThread: Thread started: Tx_Save_Log-ThreadStarter 1-4
2025-12-15 16:05:49,863 INFO o.a.j.t.JMeterThread: Thread started: Tx_Save_Log-ThreadStarter 1-5
2025-12-15 16:05:49,894 INFO o.a.j.t.JMeterThread: Thread started: Tx_Save_Log-ThreadStarter 1-6
2025-12-15 16:05:49,925 INFO o.a.j.p.h.s.h.LazyLayeredConnectionSocketFactory: Setting up HTTPS TrustAll Socket Factory
2025-12-15 16:05:49,927 INFO o.a.j.u.JsseSSLManager: Using default SSL protocol: TLS
2025-12-15 16:05:49,927 INFO o.a.j.u.JsseSSLManager: SSL session context: per-thread
2025-12-15 16:05:49,933 INFO o.a.j.t.JMeterThread: Thread started: Tx_Save_Log-ThreadStarter 1-7
2025-12-15 16:05:49,971 INFO o.a.j.t.JMeterThread: Thread started: Tx_Save_Log-ThreadStarter 1-8
2025-12-15 16:05:50,006 INFO o.a.j.t.JMeterThread: Thread started: Tx_Save_Log-ThreadStarter 1-9
2025-12-15 16:05:50,042 INFO o.a.j.t.JMeterThread: Thread started: Tx_Save_Log-ThreadStarter 1-10
2025-12-15 16:05:50,074 INFO o.a.j.t.JMeterThread: Thread started: Tx_Save_Log-ThreadStarter 1-11
2025-12-15 16:05:50,111 INFO o.a.j.t.JMeterThread: Thread started: Tx_Save_Log-ThreadStarter 1-12
2025-12-15 16:05:50,140 INFO o.a.j.u.SSLManager: JmeterKeyStore Location:  type JKS
2025-12-15 16:05:50,141 INFO o.a.j.u.SSLManager: KeyStore created OK
2025-12-15 16:05:50,142 WARN o.a.j.u.SSLManager: Keystore file not found, loading empty keystore
2025-12-15 16:05:50,146 INFO o.a.j.t.JMeterThread: Thread started: Tx_Save_Log-ThreadStarter 1-13
2025-12-15 16:05:50,183 INFO o.a.j.t.JMeterThread: Thread started: Tx_Save_Log-ThreadStarter 1-14
2025-12-15 16:05:50,218 INFO o.a.j.t.JMeterThread: Thread started: Tx_Save_Log-ThreadStarter 1-15
2025-12-15 16:05:50,259 INFO o.a.j.t.JMeterThread: Thread started: Tx_Save_Log-ThreadStarter 1-16
2025-12-15 16:05:50,294 INFO o.a.j.t.JMeterThread: Thread started: Tx_Save_Log-ThreadStarter 1-17
2025-12-15 16:05:50,327 INFO o.a.j.t.JMeterThread: Thread started: Tx_Save_Log-ThreadStarter 1-18
2025-12-15 16:05:50,366 INFO o.a.j.t.JMeterThread: Thread started: Tx_Save_Log-ThreadStarter 1-19
2025-12-15 16:05:50,402 INFO o.a.j.t.JMeterThread: Thread started: Tx_Save_Log-ThreadStarter 1-20
2025-12-15 16:05:50,439 INFO o.a.j.t.JMeterThread: Thread started: Tx_Save_Log-ThreadStarter 1-21
2025-12-15 16:05:50,470 INFO o.a.j.t.JMeterThread: Thread started: Tx_Save_Log-ThreadStarter 1-22
2025-12-15 16:05:50,506 INFO o.a.j.t.JMeterThread: Thread started: Tx_Save_Log-ThreadStarter 1-23
2025-12-15 16:05:50,546 INFO o.a.j.t.JMeterThread: Thread started: Tx_Save_Log-ThreadStarter 1-24
2025-12-15 16:05:50,582 INFO o.a.j.t.JMeterThread: Thread started: Tx_Save_Log-ThreadStarter 1-25
2025-12-15 16:05:50,618 INFO o.a.j.t.JMeterThread: Thread started: Tx_Save_Log-ThreadStarter 1-26
2025-12-15 16:05:50,653 INFO o.a.j.t.JMeterThread: Thread started: Tx_Save_Log-ThreadStarter 1-27
2025-12-15 16:05:50,686 INFO o.a.j.t.JMeterThread: Thread started: Tx_Save_Log-ThreadStarter 1-28
2025-12-15 16:05:50,727 INFO o.a.j.t.JMeterThread: Thread started: Tx_Save_Log-ThreadStarter 1-29
2025-12-15 16:05:50,762 INFO o.a.j.t.JMeterThread: Thread started: Tx_Save_Log-ThreadStarter 1-30
2025-12-15 16:05:50,940 INFO o.a.j.t.JMeterThread: Thread started: Tx_Save_Log-ThreadStarter 1-31
2025-12-15 16:05:50,978 INFO o.a.j.t.JMeterThread: Thread started: Tx_Save_Log-ThreadStarter 1-32
2025-12-15 16:05:51,015 INFO o.a.j.t.JMeterThread: Thread started: Tx_Save_Log-ThreadStarter 1-33
2025-12-15 16:05:51,046 INFO o.a.j.t.JMeterThread: Thread started: Tx_Save_Log-ThreadStarter 1-34
2025-12-15 16:05:53,496 INFO o.a.j.g.a.Start: Stopping test
2025-12-15 16:05:53,520 INFO o.a.j.t.JMeterThread: Stopping: Tx_Save_Log-ThreadStarter 1-10
2025-12-15 16:05:53,521 WARN o.a.j.t.JMeterThread: Interrupting: Tx_Save_Log-ThreadStarter 1-10 sampler: Tx_Save_Logs
2025-12-15 16:05:53,523 INFO o.a.j.t.JMeterThread: Stopping: Tx_Save_Log-ThreadStarter 1-2
2025-12-15 16:05:53,523 WARN o.a.j.t.JMeterThread: Interrupting: Tx_Save_Log-ThreadStarter 1-2 sampler: Tx_Save_Logs
2025-12-15 16:05:53,524 INFO o.a.j.t.JMeterThread: Thread finished: Tx_Save_Log-ThreadStarter 1-10
2025-12-15 16:05:53,524 INFO o.a.j.t.JMeterThread: Stopping: Tx_Save_Log-ThreadStarter 1-14
2025-12-15 16:05:53,524 WARN o.a.j.t.JMeterThread: Interrupting: Tx_Save_Log-ThreadStarter 1-14 sampler: Tx_Save_Logs
2025-12-15 16:05:53,524 INFO o.a.j.t.JMeterThread: Thread finished: Tx_Save_Log-ThreadStarter 1-2
2025-12-15 16:05:53,524 INFO o.a.j.t.JMeterThread: Stopping: Tx_Save_Log-ThreadStarter 1-21
2025-12-15 16:05:53,524 WARN o.a.j.t.JMeterThread: Interrupting: Tx_Save_Log-ThreadStarter 1-21 sampler: Tx_Save_Logs
2025-12-15 16:05:53,524 INFO o.a.j.t.JMeterThread: Thread finished: Tx_Save_Log-ThreadStarter 1-14
2025-12-15 16:05:53,524 INFO o.a.j.t.JMeterThread: Stopping: Tx_Save_Log-ThreadStarter 1-30
2025-12-15 16:05:53,524 WARN o.a.j.t.JMeterThread: Interrupting: Tx_Save_Log-ThreadStarter 1-30 sampler: Tx_Save_Logs
2025-12-15 16:05:53,524 INFO o.a.j.t.JMeterThread: Thread finished: Tx_Save_Log-ThreadStarter 1-21
2025-12-15 16:05:53,524 INFO o.a.j.t.JMeterThread: Stopping: Tx_Save_Log-ThreadStarter 1-29
2025-12-15 16:05:53,525 WARN o.a.j.t.JMeterThread: Interrupting: Tx_Save_Log-ThreadStarter 1-29 sampler: Tx_Save_Logs
2025-12-15 16:05:53,525 INFO o.a.j.t.JMeterThread: Thread finished: Tx_Save_Log-ThreadStarter 1-30
2025-12-15 16:05:53,525 INFO o.a.j.t.JMeterThread: Stopping: Tx_Save_Log-ThreadStarter 1-9
2025-12-15 16:05:53,525 WARN o.a.j.t.JMeterThread: Interrupting: Tx_Save_Log-ThreadStarter 1-9 sampler: Tx_Save_Logs
2025-12-15 16:05:53,525 INFO o.a.j.t.JMeterThread: Stopping: Tx_Save_Log-ThreadStarter 1-12
2025-12-15 16:05:53,525 WARN o.a.j.t.JMeterThread: Interrupting: Tx_Save_Log-ThreadStarter 1-12 sampler: Tx_Save_Logs
2025-12-15 16:05:53,525 INFO o.a.j.t.JMeterThread: Thread finished: Tx_Save_Log-ThreadStarter 1-9
2025-12-15 16:05:53,525 INFO o.a.j.t.JMeterThread: Stopping: Tx_Save_Log-ThreadStarter 1-26
2025-12-15 16:05:53,525 WARN o.a.j.t.JMeterThread: Interrupting: Tx_Save_Log-ThreadStarter 1-26 sampler: Tx_Save_Logs
2025-12-15 16:05:53,525 INFO o.a.j.t.JMeterThread: Thread finished: Tx_Save_Log-ThreadStarter 1-12
2025-12-15 16:05:53,526 INFO o.a.j.t.JMeterThread: Thread finished: Tx_Save_Log-ThreadStarter 1-29
2025-12-15 16:05:53,526 INFO o.a.j.t.JMeterThread: Stopping: Tx_Save_Log-ThreadStarter 1-1
2025-12-15 16:05:53,526 WARN o.a.j.t.JMeterThread: Interrupting: Tx_Save_Log-ThreadStarter 1-1 sampler: Tx_Save_Logs
2025-12-15 16:05:53,526 INFO o.a.j.t.JMeterThread: Thread finished: Tx_Save_Log-ThreadStarter 1-26
2025-12-15 16:05:53,526 INFO o.a.j.t.JMeterThread: Stopping: Tx_Save_Log-ThreadStarter 1-7
2025-12-15 16:05:53,526 WARN o.a.j.t.JMeterThread: Interrupting: Tx_Save_Log-ThreadStarter 1-7 sampler: Tx_Save_Logs
2025-12-15 16:05:53,526 INFO o.a.j.t.JMeterThread: Thread finished: Tx_Save_Log-ThreadStarter 1-1
2025-12-15 16:05:53,527 INFO o.a.j.e.StandardJMeterEngine: Notifying test listeners of end of test
2025-12-15 16:05:53,527 INFO o.a.j.t.JMeterThread: Stopping: Tx_Save_Log-ThreadStarter 1-16
2025-12-15 16:05:53,527 INFO c.b.j.t.a.ArrivalsThreadGroup: Done 107 arrivals, 94 completions, 0 abandonments
2025-12-15 16:05:53,527 WARN o.a.j.t.JMeterThread: Interrupting: Tx_Save_Log-ThreadStarter 1-16 sampler: Tx_Save_Logs
2025-12-15 16:05:53,527 INFO o.a.j.t.JMeterThread: Thread is done: Tx_Save_Log-ThreadStarter 1-24
2025-12-15 16:05:53,527 INFO o.a.j.t.JMeterThread: Thread finished: Tx_Save_Log-ThreadStarter 1-24
2025-12-15 16:05:53,527 INFO o.a.j.g.u.JMeterMenuBar: setRunning(false, *local*)
2025-12-15 16:05:53,527 INFO o.a.j.t.JMeterThread: Thread finished: Tx_Save_Log-ThreadStarter 1-7
2025-12-15 16:05:53,527 INFO o.a.j.t.JMeterThread: Thread is done: Tx_Save_Log-ThreadStarter 1-20
2025-12-15 16:05:53,527 INFO o.a.j.t.JMeterThread: Thread is done: Tx_Save_Log-ThreadStarter 1-15
2025-12-15 16:05:53,527 INFO o.a.j.t.JMeterThread: Thread finished: Tx_Save_Log-ThreadStarter 1-20
2025-12-15 16:05:53,527 INFO o.a.j.t.JMeterThread: Thread finished: Tx_Save_Log-ThreadStarter 1-15
2025-12-15 16:05:53,527 INFO o.a.j.t.JMeterThread: Thread is done: Tx_Save_Log-ThreadStarter 1-33
2025-12-15 16:05:53,527 INFO o.a.j.t.JMeterThread: Thread finished: Tx_Save_Log-ThreadStarter 1-33
2025-12-15 16:05:53,527 INFO o.a.j.t.JMeterThread: Thread is done: Tx_Save_Log-ThreadStarter 1-4
2025-12-15 16:05:53,527 INFO o.a.j.t.JMeterThread: Thread is done: Tx_Save_Log-ThreadStarter 1-6
2025-12-15 16:05:53,527 INFO o.a.j.t.JMeterThread: Thread is done: Tx_Save_Log-ThreadStarter 1-22
2025-12-15 16:05:53,527 INFO o.a.j.t.JMeterThread: Thread is done: Tx_Save_Log-ThreadStarter 1-34
2025-12-15 16:05:53,527 INFO o.a.j.t.JMeterThread: Thread finished: Tx_Save_Log-ThreadStarter 1-22
2025-12-15 16:05:53,527 INFO o.a.j.t.JMeterThread: Thread finished: Tx_Save_Log-ThreadStarter 1-34
2025-12-15 16:05:53,527 INFO o.a.j.t.JMeterThread: Thread is done: Tx_Save_Log-ThreadStarter 1-32
2025-12-15 16:05:53,527 INFO o.a.j.t.JMeterThread: Thread is done: Tx_Save_Log-ThreadStarter 1-18
2025-12-15 16:05:53,527 INFO o.a.j.t.JMeterThread: Thread finished: Tx_Save_Log-ThreadStarter 1-32
2025-12-15 16:05:53,527 INFO o.a.j.t.JMeterThread: Thread finished: Tx_Save_Log-ThreadStarter 1-18
2025-12-15 16:05:53,527 INFO o.a.j.t.JMeterThread: Thread finished: Tx_Save_Log-ThreadStarter 1-6
2025-12-15 16:05:53,527 INFO o.a.j.t.JMeterThread: Thread is done: Tx_Save_Log-ThreadStarter 1-19
2025-12-15 16:05:53,527 INFO o.a.j.t.JMeterThread: Thread is done: Tx_Save_Log-ThreadStarter 1-28
2025-12-15 16:05:53,527 INFO o.a.j.t.JMeterThread: Thread finished: Tx_Save_Log-ThreadStarter 1-19
2025-12-15 16:05:53,527 INFO o.a.j.t.JMeterThread: Thread finished: Tx_Save_Log-ThreadStarter 1-4
2025-12-15 16:05:53,527 INFO o.a.j.t.JMeterThread: Thread finished: Tx_Save_Log-ThreadStarter 1-28
2025-12-15 16:05:53,528 INFO o.a.j.t.JMeterThread: Stopping: Tx_Save_Log-ThreadStarter 1-8
2025-12-15 16:05:53,528 WARN o.a.j.t.JMeterThread: Interrupting: Tx_Save_Log-ThreadStarter 1-8 sampler: Tx_Save_Logs
2025-12-15 16:05:53,528 INFO o.a.j.t.JMeterThread: Stopping: Tx_Save_Log-ThreadStarter 1-31
2025-12-15 16:05:53,528 INFO o.a.j.t.JMeterThread: Thread finished: Tx_Save_Log-ThreadStarter 1-16
2025-12-15 16:05:53,528 WARN o.a.j.t.JMeterThread: Interrupting: Tx_Save_Log-ThreadStarter 1-31 sampler: Tx_Save_Logs
2025-12-15 16:05:53,528 INFO o.a.j.t.JMeterThread: Thread finished: Tx_Save_Log-ThreadStarter 1-8
2025-12-15 16:05:53,528 INFO o.a.j.t.JMeterThread: Stopping: Tx_Save_Log-ThreadStarter 1-17
2025-12-15 16:05:53,528 WARN o.a.j.t.JMeterThread: Interrupting: Tx_Save_Log-ThreadStarter 1-17 sampler: Tx_Save_Logs
2025-12-15 16:05:53,528 INFO o.a.j.t.JMeterThread: Thread finished: Tx_Save_Log-ThreadStarter 1-31
2025-12-15 16:05:53,528 INFO o.a.j.t.JMeterThread: Stopping: Tx_Save_Log-ThreadStarter 1-3
2025-12-15 16:05:53,528 WARN o.a.j.t.JMeterThread: Interrupting: Tx_Save_Log-ThreadStarter 1-3 sampler: Tx_Save_Logs
2025-12-15 16:05:53,528 INFO o.a.j.t.JMeterThread: Thread finished: Tx_Save_Log-ThreadStarter 1-17
2025-12-15 16:05:53,528 INFO o.a.j.t.JMeterThread: Stopping: Tx_Save_Log-ThreadStarter 1-25
2025-12-15 16:05:53,528 WARN o.a.j.t.JMeterThread: Interrupting: Tx_Save_Log-ThreadStarter 1-25 sampler: Tx_Save_Logs
2025-12-15 16:05:53,528 INFO o.a.j.t.JMeterThread: Thread finished: Tx_Save_Log-ThreadStarter 1-3
2025-12-15 16:05:53,528 INFO o.a.j.t.JMeterThread: Stopping: Tx_Save_Log-ThreadStarter 1-5
2025-12-15 16:05:53,528 WARN o.a.j.t.JMeterThread: Interrupting: Tx_Save_Log-ThreadStarter 1-5 sampler: Tx_Save_Logs
2025-12-15 16:05:53,529 INFO o.a.j.t.JMeterThread: Thread finished: Tx_Save_Log-ThreadStarter 1-25
2025-12-15 16:05:53,529 INFO o.a.j.t.JMeterThread: Stopping: Tx_Save_Log-ThreadStarter 1-23
2025-12-15 16:05:53,529 WARN o.a.j.t.JMeterThread: Interrupting: Tx_Save_Log-ThreadStarter 1-23 sampler: Tx_Save_Logs
2025-12-15 16:05:53,529 INFO o.a.j.t.JMeterThread: Thread finished: Tx_Save_Log-ThreadStarter 1-5
2025-12-15 16:05:53,529 INFO o.a.j.t.JMeterThread: Stopping: Tx_Save_Log-ThreadStarter 1-13
2025-12-15 16:05:53,529 WARN o.a.j.t.JMeterThread: Interrupting: Tx_Save_Log-ThreadStarter 1-13 sampler: Tx_Save_Logs
2025-12-15 16:05:53,529 INFO o.a.j.t.JMeterThread: Stopping: Tx_Save_Log-ThreadStarter 1-27
2025-12-15 16:05:53,529 INFO o.a.j.t.JMeterThread: Thread finished: Tx_Save_Log-ThreadStarter 1-23
2025-12-15 16:05:53,529 WARN o.a.j.t.JMeterThread: Interrupting: Tx_Save_Log-ThreadStarter 1-27 sampler: Tx_Save_Logs
2025-12-15 16:05:53,529 INFO o.a.j.t.JMeterThread: Stopping: Tx_Save_Log-ThreadStarter 1-11
2025-12-15 16:05:53,529 INFO o.a.j.t.JMeterThread: Thread finished: Tx_Save_Log-ThreadStarter 1-13
2025-12-15 16:05:53,529 WARN o.a.j.t.JMeterThread: Interrupting: Tx_Save_Log-ThreadStarter 1-11 sampler: Tx_Save_Logs
2025-12-15 16:05:53,529 INFO o.a.j.t.JMeterThread: Thread finished: Tx_Save_Log-ThreadStarter 1-27
2025-12-15 16:05:53,529 INFO o.a.j.t.JMeterThread: Thread finished: Tx_Save_Log-ThreadStarter 1-11
2025-12-15 16:06:09,670 INFO o.a.j.e.StandardJMeterEngine: Running the test!
2025-12-15 16:06:09,671 INFO o.a.j.s.SampleEvent: List of sample_variables: []
2025-12-15 16:06:09,671 INFO o.a.j.g.u.JMeterMenuBar: setRunning(true, *local*)
2025-12-15 16:06:09,694 INFO o.a.j.e.StandardJMeterEngine: Starting ThreadGroup: 1 : Tx_Save_Log
2025-12-15 16:06:09,694 INFO o.a.j.e.StandardJMeterEngine: Starting 0 threads for group Tx_Save_Log.
2025-12-15 16:06:09,694 INFO o.a.j.e.StandardJMeterEngine: Thread will continue on error
2025-12-15 16:06:09,694 INFO o.a.j.t.JMeterThread: Thread started: Tx_Save_Log-ThreadStarter 1-1
2025-12-15 16:06:09,695 INFO c.b.j.t.a.ArrivalsThreadGroup: Got first arrival
2025-12-15 16:06:09,695 INFO o.a.j.e.StandardJMeterEngine: All thread groups have been started
2025-12-15 16:06:09,736 INFO o.a.j.t.JMeterThread: Thread started: Tx_Save_Log-ThreadStarter 1-2
2025-12-15 16:06:09,771 INFO o.a.j.t.JMeterThread: Thread started: Tx_Save_Log-ThreadStarter 1-3
2025-12-15 16:06:09,807 INFO o.a.j.t.JMeterThread: Thread started: Tx_Save_Log-ThreadStarter 1-4
2025-12-15 16:06:09,844 INFO o.a.j.t.JMeterThread: Thread started: Tx_Save_Log-ThreadStarter 1-5
2025-12-15 16:06:09,881 INFO o.a.j.t.JMeterThread: Thread started: Tx_Save_Log-ThreadStarter 1-6
2025-12-15 16:06:09,916 INFO o.a.j.t.JMeterThread: Thread started: Tx_Save_Log-ThreadStarter 1-7
2025-12-15 16:06:09,949 INFO o.a.j.t.JMeterThread: Thread started: Tx_Save_Log-ThreadStarter 1-8
2025-12-15 16:06:09,986 INFO o.a.j.t.JMeterThread: Thread started: Tx_Save_Log-ThreadStarter 1-9
2025-12-15 16:06:10,023 INFO o.a.j.t.JMeterThread: Thread started: Tx_Save_Log-ThreadStarter 1-10
2025-12-15 16:06:10,059 INFO o.a.j.t.JMeterThread: Thread started: Tx_Save_Log-ThreadStarter 1-11
2025-12-15 16:06:10,095 INFO o.a.j.t.JMeterThread: Thread started: Tx_Save_Log-ThreadStarter 1-12
2025-12-15 16:06:10,131 INFO o.a.j.t.JMeterThread: Thread started: Tx_Save_Log-ThreadStarter 1-13
2025-12-15 16:06:10,167 INFO o.a.j.t.JMeterThread: Thread started: Tx_Save_Log-ThreadStarter 1-14
2025-12-15 16:06:10,200 INFO o.a.j.t.JMeterThread: Thread started: Tx_Save_Log-ThreadStarter 1-15
2025-12-15 16:06:10,240 INFO o.a.j.t.JMeterThread: Thread started: Tx_Save_Log-ThreadStarter 1-16
2025-12-15 16:06:10,275 INFO o.a.j.t.JMeterThread: Thread started: Tx_Save_Log-ThreadStarter 1-17
2025-12-15 16:06:10,311 INFO o.a.j.t.JMeterThread: Thread started: Tx_Save_Log-ThreadStarter 1-18
2025-12-15 16:06:10,345 INFO o.a.j.t.JMeterThread: Thread started: Tx_Save_Log-ThreadStarter 1-19
2025-12-15 16:06:10,383 INFO o.a.j.t.JMeterThread: Thread started: Tx_Save_Log-ThreadStarter 1-20
2025-12-15 16:06:10,417 INFO o.a.j.t.JMeterThread: Thread started: Tx_Save_Log-ThreadStarter 1-21
2025-12-15 16:06:10,453 INFO o.a.j.t.JMeterThread: Thread started: Tx_Save_Log-ThreadStarter 1-22
2025-12-15 16:06:10,491 INFO o.a.j.t.JMeterThread: Thread started: Tx_Save_Log-ThreadStarter 1-23
2025-12-15 16:06:10,595 INFO o.a.j.t.JMeterThread: Thread started: Tx_Save_Log-ThreadStarter 1-24
2025-12-15 16:06:10,778 INFO o.a.j.t.JMeterThread: Thread started: Tx_Save_Log-ThreadStarter 1-25
2025-12-15 16:06:20,828 INFO o.a.j.t.JMeterThread: Thread started: Tx_Save_Log-ThreadStarter 1-26
2025-12-15 16:07:01,629 INFO o.a.j.t.JMeterThread: Thread started: Tx_Save_Log-ThreadStarter 1-27
2025-12-15 16:07:23,528 INFO o.a.j.t.JMeterThread: Thread started: Tx_Save_Log-ThreadStarter 1-28
2025-12-15 16:07:23,636 INFO o.a.j.t.JMeterThread: Thread started: Tx_Save_Log-ThreadStarter 1-29
2025-12-15 16:08:01,990 INFO o.a.j.t.JMeterThread: Thread started: Tx_Save_Log-ThreadStarter 1-30
2025-12-15 16:08:02,025 INFO o.a.j.t.JMeterThread: Thread started: Tx_Save_Log-ThreadStarter 1-31
2025-12-15 16:08:02,062 INFO o.a.j.t.JMeterThread: Thread started: Tx_Save_Log-ThreadStarter 1-32
2025-12-15 16:08:09,086 INFO o.a.j.g.a.Start: Stopping test
2025-12-15 16:08:09,119 INFO o.a.j.t.JMeterThread: Stopping: Tx_Save_Log-ThreadStarter 1-27
2025-12-15 16:08:09,120 WARN o.a.j.t.JMeterThread: Interrupting: Tx_Save_Log-ThreadStarter 1-27 sampler: Tx_Save_Logs
2025-12-15 16:08:09,121 INFO o.a.j.t.JMeterThread: Stopping: Tx_Save_Log-ThreadStarter 1-10
2025-12-15 16:08:09,121 WARN o.a.j.t.JMeterThread: Interrupting: Tx_Save_Log-ThreadStarter 1-10 sampler: Tx_Save_Logs
2025-12-15 16:08:09,122 INFO o.a.j.t.JMeterThread: Stopping: Tx_Save_Log-ThreadStarter 1-11
2025-12-15 16:08:09,122 WARN o.a.j.t.JMeterThread: Interrupting: Tx_Save_Log-ThreadStarter 1-11 sampler: Tx_Save_Logs
2025-12-15 16:08:09,122 INFO o.a.j.t.JMeterThread: Thread finished: Tx_Save_Log-ThreadStarter 1-10
2025-12-15 16:08:09,122 INFO o.a.j.t.JMeterThread: Thread finished: Tx_Save_Log-ThreadStarter 1-27
2025-12-15 16:08:09,122 INFO o.a.j.e.StandardJMeterEngine: Notifying test listeners of end of test
2025-12-15 16:08:09,122 INFO o.a.j.t.JMeterThread: Stopping: Tx_Save_Log-ThreadStarter 1-8
2025-12-15 16:08:09,122 WARN o.a.j.t.JMeterThread: Interrupting: Tx_Save_Log-ThreadStarter 1-8 sampler: Tx_Save_Logs
2025-12-15 16:08:09,122 INFO c.b.j.t.a.ArrivalsThreadGroup: Done 3322 arrivals, 3295 completions, 0 abandonments
2025-12-15 16:08:09,123 INFO o.a.j.t.JMeterThread: Thread is done: Tx_Save_Log-ThreadStarter 1-5
2025-12-15 16:08:09,122 INFO o.a.j.t.JMeterThread: Thread is done: Tx_Save_Log-ThreadStarter 1-2
2025-12-15 16:08:09,123 INFO o.a.j.t.JMeterThread: Thread is done: Tx_Save_Log-ThreadStarter 1-20
2025-12-15 16:08:09,123 INFO o.a.j.t.JMeterThread: Thread is done: Tx_Save_Log-ThreadStarter 1-16
2025-12-15 16:08:09,123 INFO o.a.j.t.JMeterThread: Thread is done: Tx_Save_Log-ThreadStarter 1-6
2025-12-15 16:08:09,122 INFO o.a.j.t.JMeterThread: Thread is done: Tx_Save_Log-ThreadStarter 1-29
2025-12-15 16:08:09,123 INFO o.a.j.t.JMeterThread: Thread finished: Tx_Save_Log-ThreadStarter 1-6
2025-12-15 16:08:09,123 INFO o.a.j.t.JMeterThread: Thread finished: Tx_Save_Log-ThreadStarter 1-11
2025-12-15 16:08:09,123 INFO o.a.j.t.JMeterThread: Thread finished: Tx_Save_Log-ThreadStarter 1-16
2025-12-15 16:08:09,123 INFO o.a.j.t.JMeterThread: Thread finished: Tx_Save_Log-ThreadStarter 1-20
2025-12-15 16:08:09,123 INFO o.a.j.g.u.JMeterMenuBar: setRunning(false, *local*)
2025-12-15 16:08:09,123 INFO o.a.j.t.JMeterThread: Stopping: Tx_Save_Log-ThreadStarter 1-4
2025-12-15 16:08:09,123 INFO o.a.j.t.JMeterThread: Thread finished: Tx_Save_Log-ThreadStarter 1-2
2025-12-15 16:08:09,123 INFO o.a.j.t.JMeterThread: Thread is done: Tx_Save_Log-ThreadStarter 1-17
2025-12-15 16:08:09,123 INFO o.a.j.t.JMeterThread: Thread is done: Tx_Save_Log-ThreadStarter 1-13
2025-12-15 16:08:09,123 INFO o.a.j.t.JMeterThread: Thread finished: Tx_Save_Log-ThreadStarter 1-5
2025-12-15 16:08:09,123 INFO o.a.j.t.JMeterThread: Thread finished: Tx_Save_Log-ThreadStarter 1-13
2025-12-15 16:08:09,123 INFO o.a.j.t.JMeterThread: Thread is done: Tx_Save_Log-ThreadStarter 1-15
2025-12-15 16:08:09,123 INFO o.a.j.t.JMeterThread: Thread finished: Tx_Save_Log-ThreadStarter 1-17
2025-12-15 16:08:09,123 INFO o.a.j.t.JMeterThread: Thread finished: Tx_Save_Log-ThreadStarter 1-15
2025-12-15 16:08:09,123 WARN o.a.j.t.JMeterThread: Interrupting: Tx_Save_Log-ThreadStarter 1-4 sampler: Tx_Save_Logs
2025-12-15 16:08:09,123 INFO o.a.j.t.JMeterThread: Thread finished: Tx_Save_Log-ThreadStarter 1-8
2025-12-15 16:08:09,123 INFO o.a.j.t.JMeterThread: Thread finished: Tx_Save_Log-ThreadStarter 1-29
2025-12-15 16:08:09,124 INFO o.a.j.t.JMeterThread: Stopping: Tx_Save_Log-ThreadStarter 1-1
2025-12-15 16:08:09,124 WARN o.a.j.t.JMeterThread: Interrupting: Tx_Save_Log-ThreadStarter 1-1 sampler: Tx_Save_Logs
2025-12-15 16:08:09,124 INFO o.a.j.t.JMeterThread: Thread finished: Tx_Save_Log-ThreadStarter 1-4
2025-12-15 16:08:09,124 INFO o.a.j.t.JMeterThread: Stopping: Tx_Save_Log-ThreadStarter 1-25
2025-12-15 16:08:09,124 WARN o.a.j.t.JMeterThread: Interrupting: Tx_Save_Log-ThreadStarter 1-25 sampler: Tx_Save_Logs
2025-12-15 16:08:09,124 INFO o.a.j.t.JMeterThread: Thread finished: Tx_Save_Log-ThreadStarter 1-1
2025-12-15 16:08:09,124 INFO o.a.j.t.JMeterThread: Stopping: Tx_Save_Log-ThreadStarter 1-26
2025-12-15 16:08:09,124 INFO o.a.j.t.JMeterThread: Stopping: Tx_Save_Log-ThreadStarter 1-28
2025-12-15 16:08:09,124 WARN o.a.j.t.JMeterThread: Interrupting: Tx_Save_Log-ThreadStarter 1-28 sampler: Tx_Save_Logs
2025-12-15 16:08:09,124 INFO o.a.j.t.JMeterThread: Thread finished: Tx_Save_Log-ThreadStarter 1-25
2025-12-15 16:08:09,124 INFO o.a.j.t.JMeterThread: Stopping: Tx_Save_Log-ThreadStarter 1-18
2025-12-15 16:08:09,124 WARN o.a.j.t.JMeterThread: Interrupting: Tx_Save_Log-ThreadStarter 1-18 sampler: Tx_Save_Logs
2025-12-15 16:08:09,124 INFO o.a.j.t.JMeterThread: Thread finished: Tx_Save_Log-ThreadStarter 1-28
2025-12-15 16:08:09,124 INFO o.a.j.t.JMeterThread: Stopping: Tx_Save_Log-ThreadStarter 1-3
2025-12-15 16:08:09,124 WARN o.a.j.t.JMeterThread: Interrupting: Tx_Save_Log-ThreadStarter 1-3 sampler: Tx_Save_Logs
2025-12-15 16:08:09,124 INFO o.a.j.t.JMeterThread: Thread finished: Tx_Save_Log-ThreadStarter 1-18
2025-12-15 16:08:09,124 INFO o.a.j.t.JMeterThread: Stopping: Tx_Save_Log-ThreadStarter 1-19
2025-12-15 16:08:09,124 WARN o.a.j.t.JMeterThread: Interrupting: Tx_Save_Log-ThreadStarter 1-19 sampler: Tx_Save_Logs
2025-12-15 16:08:09,125 INFO o.a.j.t.JMeterThread: Thread finished: Tx_Save_Log-ThreadStarter 1-3
2025-12-15 16:08:09,125 INFO o.a.j.t.JMeterThread: Stopping: Tx_Save_Log-ThreadStarter 1-30
2025-12-15 16:08:09,125 WARN o.a.j.t.JMeterThread: Interrupting: Tx_Save_Log-ThreadStarter 1-30 sampler: Tx_Save_Logs
2025-12-15 16:08:09,125 INFO o.a.j.t.JMeterThread: Thread finished: Tx_Save_Log-ThreadStarter 1-19
2025-12-15 16:08:09,125 INFO o.a.j.t.JMeterThread: Stopping: Tx_Save_Log-ThreadStarter 1-9
2025-12-15 16:08:09,125 WARN o.a.j.t.JMeterThread: Interrupting: Tx_Save_Log-ThreadStarter 1-9 sampler: Tx_Save_Logs
2025-12-15 16:08:09,125 INFO o.a.j.t.JMeterThread: Thread finished: Tx_Save_Log-ThreadStarter 1-30
2025-12-15 16:08:09,125 INFO o.a.j.t.JMeterThread: Stopping: Tx_Save_Log-ThreadStarter 1-22
2025-12-15 16:08:09,125 WARN o.a.j.t.JMeterThread: Interrupting: Tx_Save_Log-ThreadStarter 1-22 sampler: Tx_Save_Logs
2025-12-15 16:08:09,125 INFO o.a.j.t.JMeterThread: Thread finished: Tx_Save_Log-ThreadStarter 1-9
2025-12-15 16:08:09,125 INFO o.a.j.t.JMeterThread: Stopping: Tx_Save_Log-ThreadStarter 1-12
2025-12-15 16:08:09,125 WARN o.a.j.t.JMeterThread: Interrupting: Tx_Save_Log-ThreadStarter 1-12 sampler: Tx_Save_Logs
2025-12-15 16:08:09,125 INFO o.a.j.t.JMeterThread: Stopping: Tx_Save_Log-ThreadStarter 1-14
2025-12-15 16:08:09,125 INFO o.a.j.t.JMeterThread: Thread finished: Tx_Save_Log-ThreadStarter 1-22
2025-12-15 16:08:09,125 WARN o.a.j.t.JMeterThread: Interrupting: Tx_Save_Log-ThreadStarter 1-14 sampler: Tx_Save_Logs
2025-12-15 16:08:09,125 INFO o.a.j.t.JMeterThread: Thread finished: Tx_Save_Log-ThreadStarter 1-12
2025-12-15 16:08:09,126 INFO o.a.j.t.JMeterThread: Stopping: Tx_Save_Log-ThreadStarter 1-31
2025-12-15 16:08:09,126 WARN o.a.j.t.JMeterThread: Interrupting: Tx_Save_Log-ThreadStarter 1-31 sampler: Tx_Save_Logs
2025-12-15 16:08:09,126 INFO o.a.j.t.JMeterThread: Thread finished: Tx_Save_Log-ThreadStarter 1-14
2025-12-15 16:08:09,126 INFO o.a.j.t.JMeterThread: Stopping: Tx_Save_Log-ThreadStarter 1-7
2025-12-15 16:08:09,126 WARN o.a.j.t.JMeterThread: Interrupting: Tx_Save_Log-ThreadStarter 1-7 sampler: Tx_Save_Logs
2025-12-15 16:08:09,126 INFO o.a.j.t.JMeterThread: Thread finished: Tx_Save_Log-ThreadStarter 1-31
2025-12-15 16:08:09,126 INFO o.a.j.t.JMeterThread: Stopping: Tx_Save_Log-ThreadStarter 1-24
2025-12-15 16:08:09,126 WARN o.a.j.t.JMeterThread: Interrupting: Tx_Save_Log-ThreadStarter 1-24 sampler: Tx_Save_Logs
2025-12-15 16:08:09,126 INFO o.a.j.t.JMeterThread: Thread finished: Tx_Save_Log-ThreadStarter 1-7
2025-12-15 16:08:09,126 INFO o.a.j.t.JMeterThread: Stopping: Tx_Save_Log-ThreadStarter 1-23
2025-12-15 16:08:09,126 WARN o.a.j.t.JMeterThread: Interrupting: Tx_Save_Log-ThreadStarter 1-23 sampler: Tx_Save_Logs
2025-12-15 16:08:09,126 INFO o.a.j.t.JMeterThread: Thread finished: Tx_Save_Log-ThreadStarter 1-24
2025-12-15 16:08:09,126 INFO o.a.j.t.JMeterThread: Stopping: Tx_Save_Log-ThreadStarter 1-32
2025-12-15 16:08:09,126 WARN o.a.j.t.JMeterThread: Interrupting: Tx_Save_Log-ThreadStarter 1-32 sampler: Tx_Save_Logs
2025-12-15 16:08:09,126 INFO o.a.j.t.JMeterThread: Thread finished: Tx_Save_Log-ThreadStarter 1-23
2025-12-15 16:08:09,126 INFO o.a.j.t.JMeterThread: Stopping: Tx_Save_Log-ThreadStarter 1-21
2025-12-15 16:08:09,126 WARN o.a.j.t.JMeterThread: Interrupting: Tx_Save_Log-ThreadStarter 1-21 sampler: Tx_Save_Logs
2025-12-15 16:08:09,126 INFO o.a.j.t.JMeterThread: Thread finished: Tx_Save_Log-ThreadStarter 1-32
2025-12-15 16:08:09,127 INFO o.a.j.t.JMeterThread: Thread finished: Tx_Save_Log-ThreadStarter 1-21
